../Core/Src/main.c:148:6:HAL_TIM_PeriodElapsedCallback	24	static
../Core/Src/main.c:174:6:HAL_UART_RxCpltCallback	16	static
../Core/Src/main.c:182:6:HAL_ADC_ConvCpltCallback	16	static
../Core/Src/main.c:195:6:subscription_callback_PosRef	24	static
../Core/Src/main.c:207:6:subscription_callback_SpeedRef	24	static
../Core/Src/main.c:217:6:subscription_callback_ControlMode	16	static
../Core/Src/main.c:235:5:main	32	static
../Core/Src/main.c:342:6:SystemClock_Config	88	static
../Core/Src/main.c:388:13:MX_ADC1_Init	24	static
../Core/Src/main.c:440:13:MX_TIM1_Init	56	static
../Core/Src/main.c:490:13:MX_TIM3_Init	56	static
../Core/Src/main.c:539:13:MX_TIM4_Init	32	static
../Core/Src/main.c:584:13:MX_TIM5_Init	48	static
../Core/Src/main.c:637:13:MX_USART2_UART_Init	8	static
../Core/Src/main.c:668:13:MX_DMA_Init	16	static
../Core/Src/main.c:689:13:MX_GPIO_Init	48	static
../Core/Src/main.c:766:6:StartDefaultTask	432	static
../Core/Src/main.c:1058:6:Error_Handler	4	static,ignoring_inline_asm
